// Jest Snapshot v1, https://goo.gl/fbAQLP

exports[`Icon组件测试 should render success 1`] = `
<svg
  className="icon"
>
  <use
    xlinkHref="#alipay"
  />
</svg>
`;
